apiVersion: v1
kind: ConfigMap
metadata:
  name: intent-both-mmt-001-edge2
  namespace: default
  labels:
    intent-id: both-mmt-001
    service-type: massive-machine-type
    site: edge2
data:
  intent.json: |
    {
      "intentId": "both-mmt-001",
      "serviceType": "massive-machine-type",
      "targetSite": "both",
      "resourceProfile": "standard",
      "description": "Massive machine type communication across both edge sites",
      "sla": {
        "availability": 99.5,
        "latency": 100,
        "throughput": 10,
        "connections": 100000
      },
      "metadata": {
        "customer": "iot-platform-001",
        "priority": "standard",
        "deployment": "multi-site"
      }
    }