apiVersion: kustomize.config.k8s.io/v1beta1
commonLabels:
  intent-id: both-mmt-001
  target-site: edge2
kind: Kustomization
metadata:
  annotations:
    config.kubernetes.io/local-config: 'true'
  name: kustomization-edge2
namespace: edge2
resources:
- both-mmt-001-edge2-provisioning-request.yaml
- intent-both-mmt-001-edge2-configmap.yaml
- slice-both-mmt-001-edge2-networkslice.yaml
