apiVersion: o2ims.provisioning.oran.org/v1alpha1
kind: ProvisioningRequest
metadata:
  annotations:
    generated-by: intent-compiler
    resource-profile: standard
    timestamp: '2024-01-01T00:00:00+00:00'
  labels:
    intent-id: minimal-001
    service-type: enhanced-mobile-broadband
    target-site: edge2
  name: minimal-001-edge2
  namespace: edge2
spec:
  description: Provisioning request for enhanced-mobile-broadband service at edge2
  networkConfig:
    gnbId: '00002'
    plmnId: '00102'
    sliceType: eMBB
    tac: '0002'
  resourceRequirements:
    cpu: '8'
    memory: 16Gi
    storage: 100Gi
  targetCluster: edge-cluster-02
