apiVersion: v1
data:
  intent.json: "{\n  \"description\": \"Ultra-reliable low-latency service for edge2\
    \ site with strict SLA\",\n  \"intentId\": \"edge2-urllc-001\",\n  \"metadata\"\
    : {\n    \"customer\": \"critical-services-001\",\n    \"priority\": \"critical\"\
    \n  },\n  \"resourceProfile\": \"ultra-performance\",\n  \"serviceType\": \"ultra-reliable-low-latency\"\
    ,\n  \"sla\": {\n    \"availability\": 99.999,\n    \"connections\": 1000,\n \
    \   \"latency\": 1,\n    \"reliability\": 99.9999,\n    \"throughput\": 500\n\
    \  },\n  \"targetSite\": \"edge2\"\n}"
  serviceType: ultra-reliable-low-latency
  site: edge2
kind: ConfigMap
metadata:
  labels:
    intent-id: edge2-urllc-001
    target-site: edge2
  name: intent-edge2-urllc-001-edge2
  namespace: edge2
