apiVersion: kustomize.config.k8s.io/v1beta1
kind: Kustomization
resources:
  - edge2-urllc-001-edge2-provisioningrequest.yaml
  - intent-edge2-urllc-001-edge2-configmap.yaml
  - slice-edge2-urllc-001-edge2-networkslice.yaml