apiVersion: o2ims.provisioning.oran.org/v1alpha1
kind: ProvisioningRequest
metadata:
  annotations:
    generated-by: intent-compiler
    resource-profile: basic
    timestamp: '2024-01-01T00:00:00+00:00'
  labels:
    intent-id: edge1-basic-001
    service-type: enhanced-mobile-broadband
    target-site: edge1
  name: edge1-basic-001-edge1
  namespace: edge1
spec:
  description: Provisioning request for enhanced-mobile-broadband service at edge1
  networkConfig:
    gnbId: '00001'
    plmnId: '00101'
    sliceType: eMBB
    tac: '0001'
  resourceRequirements:
    cpu: '8'
    memory: 16Gi
    storage: 100Gi
  targetCluster: edge-cluster-01
