apiVersion: v1
data:
  intent.json: "{\n  \"description\": \"Basic enhanced mobile broadband service without\
    \ SLA requirements\",\n  \"intentId\": \"edge1-basic-001\",\n  \"metadata\": {\n\
    \    \"customer\": \"basic-customer-001\",\n    \"priority\": \"low\"\n  },\n\
    \  \"resourceProfile\": \"basic\",\n  \"serviceType\": \"enhanced-mobile-broadband\"\
    ,\n  \"targetSite\": \"edge1\"\n}"
  serviceType: enhanced-mobile-broadband
  site: edge1
kind: ConfigMap
metadata:
  labels:
    intent-id: edge1-basic-001
    target-site: edge1
  name: intent-edge1-basic-001-edge1
  namespace: edge1
