apiVersion: v1
data:
  intent.json: "{\n  \"description\": \"Enhanced mobile broadband service for edge1\
    \ site with SLA requirements\",\n  \"intentId\": \"edge1-embb-001\",\n  \"metadata\"\
    : {\n    \"customer\": \"enterprise-customer-001\",\n    \"priority\": \"high\"\
    \n  },\n  \"resourceProfile\": \"premium\",\n  \"serviceType\": \"enhanced-mobile-broadband\"\
    ,\n  \"sla\": {\n    \"availability\": 99.9,\n    \"connections\": 5000,\n   \
    \ \"latency\": 10,\n    \"throughput\": 1000\n  },\n  \"targetSite\": \"edge1\"\
    \n}"
  serviceType: enhanced-mobile-broadband
  site: edge1
kind: ConfigMap
metadata:
  labels:
    intent-id: edge1-embb-001
    target-site: edge1
  name: intent-edge1-embb-001-edge1
  namespace: edge1
