apiVersion: workload.nephio.org/v1alpha1
kind: NetworkSlice
metadata:
  labels:
    intent-id: edge1-embb-001
    service-type: enhanced-mobile-broadband
    target-site: edge1
  name: slice-edge1-embb-001-edge1
  namespace: edge1
spec:
  plmn:
    mcc: '001'
    mnc: '01'
  qos:
    5qi: 5
    gfbr: 1000Mbps
  sliceType: eMBB
