apiVersion: v1
data:
  intent.json: "{\n  \"intentId\": \"minimal-001\"\n}"
  serviceType: unknown
  site: edge1
kind: ConfigMap
metadata:
  labels:
    intent-id: minimal-001
    target-site: edge1
  name: intent-minimal-001-edge1
  namespace: edge1
