{
  "edge1/both-mmt-001-edge1-provisioningrequest.yaml": "1a2b3c4d5e6f7a8b9c0d1e2f3a4b5c6d7e8f9a0b1c2d3e4f5a6b7c8d9e0f1a2b",
  "edge1/intent-both-mmt-001-edge1-configmap.yaml": "2b3c4d5e6f7a8b9c0d1e2f3a4b5c6d7e8f9a0b1c2d3e4f5a6b7c8d9e0f1a2b3c",
  "edge1/slice-both-mmt-001-edge1-networkslice.yaml": "3c4d5e6f7a8b9c0d1e2f3a4b5c6d7e8f9a0b1c2d3e4f5a6b7c8d9e0f1a2b3c4d",
  "edge1/kustomization.yaml": "4d5e6f7a8b9c0d1e2f3a4b5c6d7e8f9a0b1c2d3e4f5a6b7c8d9e0f1a2b3c4d5e",
  "edge2/both-mmt-001-edge2-provisioningrequest.yaml": "5e6f7a8b9c0d1e2f3a4b5c6d7e8f9a0b1c2d3e4f5a6b7c8d9e0f1a2b3c4d5e6f",
  "edge2/intent-both-mmt-001-edge2-configmap.yaml": "6f7a8b9c0d1e2f3a4b5c6d7e8f9a0b1c2d3e4f5a6b7c8d9e0f1a2b3c4d5e6f7a",
  "edge2/slice-both-mmt-001-edge2-networkslice.yaml": "7a8b9c0d1e2f3a4b5c6d7e8f9a0b1c2d3e4f5a6b7c8d9e0f1a2b3c4d5e6f7a8b",
  "edge2/kustomization.yaml": "8b9c0d1e2f3a4b5c6d7e8f9a0b1c2d3e4f5a6b7c8d9e0f1a2b3c4d5e6f7a8b9c"
}