{
  "intentId": "edge1-basic-001",
  "sites": ["edge1"],
  "resources": {
    "edge1": [
      "edge1-basic-001-edge1-provisioningrequest.yaml",
      "intent-edge1-basic-001-edge1-configmap.yaml",
      "kustomization.yaml"
    ]
  },
  "generated": "2025-09-14T13:00:00Z"
}