{
  "checksum_algorithm": "sha256",
  "generated_files": {},
  "intent_id": "edge1-embb-001",
  "resource_counts": {
    "edge1": 4
  },
  "target_sites": [
    "edge1"
  ],
  "timestamp": "2024-01-01T00:00:00+00:00"
}