apiVersion: o2ims.provisioning.oran.org/v1alpha1
kind: ProvisioningRequest
metadata:
  annotations:
    generated-by: intent-compiler
    resource-profile: standard
    timestamp: '2024-01-01T00:00:00+00:00'
  labels:
    intent-id: both-mmt-001
    service-type: massive-machine-type
    target-site: edge1
  name: both-mmt-001-edge1
  namespace: edge1
spec:
  description: Provisioning request for massive-machine-type service at edge1
  networkConfig:
    gnbId: '00001'
    plmnId: '00101'
    sliceType: mMTC
    tac: '0001'
  resourceRequirements:
    cpu: '4'
    memory: 8Gi
    storage: 50Gi
  slaRequirements:
    availability: 99.5%
    maxConnections: '100000'
    maxLatency: 100ms
    minThroughput: 10Mbps
  targetCluster: edge-cluster-01
