apiVersion: kustomize.config.k8s.io/v1beta1
kind: Kustomization
resources:
  - both-mmt-001-edge1-provisioningrequest.yaml
  - intent-both-mmt-001-edge1-configmap.yaml
  - slice-both-mmt-001-edge1-networkslice.yaml